###############################################################################
#
# IAR ELF Linker V8.32.3.193/W32 for ARM                  12/Jul/2022  05:12:54
# Copyright 2007-2019 IAR Systems AB.
#
#    Output file  =  
#        F:\something\extra\competition\program\HDU_Crystal\cpu1\Project\IAR\program\Debug\Exe\MM32F3277.out
#    Map file     =  
#        F:\something\extra\competition\program\HDU_Crystal\cpu1\Project\IAR\program\Debug\List\MM32F3277.map
#    Command line =  
#        -f C:\Users\25471\AppData\Local\Temp\EWBC3B.tmp
#        (F:\something\extra\competition\program\HDU_Crystal\cpu1\Project\IAR\program\Debug\Obj\board.o
#        F:\something\extra\competition\program\HDU_Crystal\cpu1\Project\IAR\program\Debug\Obj\common.o
#        F:\something\extra\competition\program\HDU_Crystal\cpu1\Project\IAR\program\Debug\Obj\encoder.o
#        F:\something\extra\competition\program\HDU_Crystal\cpu1\Project\IAR\program\Debug\Obj\flash.o
#        F:\something\extra\competition\program\HDU_Crystal\cpu1\Project\IAR\program\Debug\Obj\hal_adc.o
#        F:\something\extra\competition\program\HDU_Crystal\cpu1\Project\IAR\program\Debug\Obj\hal_bkp.o
#        F:\something\extra\competition\program\HDU_Crystal\cpu1\Project\IAR\program\Debug\Obj\hal_can.o
#        F:\something\extra\competition\program\HDU_Crystal\cpu1\Project\IAR\program\Debug\Obj\hal_comp.o
#        F:\something\extra\competition\program\HDU_Crystal\cpu1\Project\IAR\program\Debug\Obj\hal_crc.o
#        F:\something\extra\competition\program\HDU_Crystal\cpu1\Project\IAR\program\Debug\Obj\hal_crs.o
#        F:\something\extra\competition\program\HDU_Crystal\cpu1\Project\IAR\program\Debug\Obj\hal_dac.o
#        F:\something\extra\competition\program\HDU_Crystal\cpu1\Project\IAR\program\Debug\Obj\hal_dbg.o
#        F:\something\extra\competition\program\HDU_Crystal\cpu1\Project\IAR\program\Debug\Obj\hal_dma.o
#        F:\something\extra\competition\program\HDU_Crystal\cpu1\Project\IAR\program\Debug\Obj\hal_eth.o
#        F:\something\extra\competition\program\HDU_Crystal\cpu1\Project\IAR\program\Debug\Obj\hal_exti.o
#        F:\something\extra\competition\program\HDU_Crystal\cpu1\Project\IAR\program\Debug\Obj\hal_flash.o
#        F:\something\extra\competition\program\HDU_Crystal\cpu1\Project\IAR\program\Debug\Obj\hal_fsmc.o
#        F:\something\extra\competition\program\HDU_Crystal\cpu1\Project\IAR\program\Debug\Obj\hal_gpio.o
#        F:\something\extra\competition\program\HDU_Crystal\cpu1\Project\IAR\program\Debug\Obj\hal_i2c.o
#        F:\something\extra\competition\program\HDU_Crystal\cpu1\Project\IAR\program\Debug\Obj\hal_iwdg.o
#        F:\something\extra\competition\program\HDU_Crystal\cpu1\Project\IAR\program\Debug\Obj\hal_misc.o
#        F:\something\extra\competition\program\HDU_Crystal\cpu1\Project\IAR\program\Debug\Obj\hal_pwr.o
#        F:\something\extra\competition\program\HDU_Crystal\cpu1\Project\IAR\program\Debug\Obj\hal_rcc.o
#        F:\something\extra\competition\program\HDU_Crystal\cpu1\Project\IAR\program\Debug\Obj\hal_rtc.o
#        F:\something\extra\competition\program\HDU_Crystal\cpu1\Project\IAR\program\Debug\Obj\hal_sdio.o
#        F:\something\extra\competition\program\HDU_Crystal\cpu1\Project\IAR\program\Debug\Obj\hal_spi.o
#        F:\something\extra\competition\program\HDU_Crystal\cpu1\Project\IAR\program\Debug\Obj\hal_tim.o
#        F:\something\extra\competition\program\HDU_Crystal\cpu1\Project\IAR\program\Debug\Obj\hal_uart.o
#        F:\something\extra\competition\program\HDU_Crystal\cpu1\Project\IAR\program\Debug\Obj\hal_uid.o
#        F:\something\extra\competition\program\HDU_Crystal\cpu1\Project\IAR\program\Debug\Obj\hal_ver.o
#        F:\something\extra\competition\program\HDU_Crystal\cpu1\Project\IAR\program\Debug\Obj\hal_wwdg.o
#        F:\something\extra\competition\program\HDU_Crystal\cpu1\Project\IAR\program\Debug\Obj\image.o
#        F:\something\extra\competition\program\HDU_Crystal\cpu1\Project\IAR\program\Debug\Obj\imu.o
#        F:\something\extra\competition\program\HDU_Crystal\cpu1\Project\IAR\program\Debug\Obj\imufilter_useless.o
#        F:\something\extra\competition\program\HDU_Crystal\cpu1\Project\IAR\program\Debug\Obj\isr.o
#        F:\something\extra\competition\program\HDU_Crystal\cpu1\Project\IAR\program\Debug\Obj\main.o
#        F:\something\extra\competition\program\HDU_Crystal\cpu1\Project\IAR\program\Debug\Obj\maincontrol.o
#        F:\something\extra\competition\program\HDU_Crystal\cpu1\Project\IAR\program\Debug\Obj\menu.o
#        F:\something\extra\competition\program\HDU_Crystal\cpu1\Project\IAR\program\Debug\Obj\motor.o
#        F:\something\extra\competition\program\HDU_Crystal\cpu1\Project\IAR\program\Debug\Obj\mymath.o
#        F:\something\extra\competition\program\HDU_Crystal\cpu1\Project\IAR\program\Debug\Obj\othercontrol.o
#        F:\something\extra\competition\program\HDU_Crystal\cpu1\Project\IAR\program\Debug\Obj\pid.o
#        F:\something\extra\competition\program\HDU_Crystal\cpu1\Project\IAR\program\Debug\Obj\SEEKFREE_18TFT.o
#        F:\something\extra\competition\program\HDU_Crystal\cpu1\Project\IAR\program\Debug\Obj\SEEKFREE_7725.o
#        F:\something\extra\competition\program\HDU_Crystal\cpu1\Project\IAR\program\Debug\Obj\SEEKFREE_ABSOLUTE_ENCODER.o
#        F:\something\extra\competition\program\HDU_Crystal\cpu1\Project\IAR\program\Debug\Obj\SEEKFREE_ASSERT.o
#        F:\something\extra\competition\program\HDU_Crystal\cpu1\Project\IAR\program\Debug\Obj\SEEKFREE_FONT.o
#        F:\something\extra\competition\program\HDU_Crystal\cpu1\Project\IAR\program\Debug\Obj\SEEKFREE_ICM20602.o
#        F:\something\extra\competition\program\HDU_Crystal\cpu1\Project\IAR\program\Debug\Obj\SEEKFREE_IIC.o
#        F:\something\extra\competition\program\HDU_Crystal\cpu1\Project\IAR\program\Debug\Obj\SEEKFREE_IPS114_SPI.o
#        F:\something\extra\competition\program\HDU_Crystal\cpu1\Project\IAR\program\Debug\Obj\SEEKFREE_IPS200_PARALLEL8.o
#        F:\something\extra\competition\program\HDU_Crystal\cpu1\Project\IAR\program\Debug\Obj\SEEKFREE_L3G4200D.o
#        F:\something\extra\competition\program\HDU_Crystal\cpu1\Project\IAR\program\Debug\Obj\SEEKFREE_MMA8451.o
#        F:\something\extra\competition\program\HDU_Crystal\cpu1\Project\IAR\program\Debug\Obj\SEEKFREE_MPU6050.o
#        F:\something\extra\competition\program\HDU_Crystal\cpu1\Project\IAR\program\Debug\Obj\SEEKFREE_MT9V03X.o
#        F:\something\extra\competition\program\HDU_Crystal\cpu1\Project\IAR\program\Debug\Obj\SEEKFREE_OLED.o
#        F:\something\extra\competition\program\HDU_Crystal\cpu1\Project\IAR\program\Debug\Obj\SEEKFREE_PRINTF.o
#        F:\something\extra\competition\program\HDU_Crystal\cpu1\Project\IAR\program\Debug\Obj\SEEKFREE_TSL1401.o
#        F:\something\extra\competition\program\HDU_Crystal\cpu1\Project\IAR\program\Debug\Obj\SEEKFREE_UART_7725.o
#        F:\something\extra\competition\program\HDU_Crystal\cpu1\Project\IAR\program\Debug\Obj\SEEKFREE_VIRSCO.o
#        F:\something\extra\competition\program\HDU_Crystal\cpu1\Project\IAR\program\Debug\Obj\SEEKFREE_WIRELESS.o
#        F:\something\extra\competition\program\HDU_Crystal\cpu1\Project\IAR\program\Debug\Obj\serial.o
#        F:\something\extra\competition\program\HDU_Crystal\cpu1\Project\IAR\program\Debug\Obj\startup_mm32f327x_iar.o
#        F:\something\extra\competition\program\HDU_Crystal\cpu1\Project\IAR\program\Debug\Obj\swj.o
#        F:\something\extra\competition\program\HDU_Crystal\cpu1\Project\IAR\program\Debug\Obj\system_mm32f327x.o
#        F:\something\extra\competition\program\HDU_Crystal\cpu1\Project\IAR\program\Debug\Obj\wireless.o
#        F:\something\extra\competition\program\HDU_Crystal\cpu1\Project\IAR\program\Debug\Obj\zf_adc.o
#        F:\something\extra\competition\program\HDU_Crystal\cpu1\Project\IAR\program\Debug\Obj\zf_camera.o
#        F:\something\extra\competition\program\HDU_Crystal\cpu1\Project\IAR\program\Debug\Obj\zf_exti.o
#        F:\something\extra\competition\program\HDU_Crystal\cpu1\Project\IAR\program\Debug\Obj\zf_flash.o
#        F:\something\extra\competition\program\HDU_Crystal\cpu1\Project\IAR\program\Debug\Obj\zf_fsmc.o
#        F:\something\extra\competition\program\HDU_Crystal\cpu1\Project\IAR\program\Debug\Obj\zf_gpio.o
#        F:\something\extra\competition\program\HDU_Crystal\cpu1\Project\IAR\program\Debug\Obj\zf_pit.o
#        F:\something\extra\competition\program\HDU_Crystal\cpu1\Project\IAR\program\Debug\Obj\zf_pwm.o
#        F:\something\extra\competition\program\HDU_Crystal\cpu1\Project\IAR\program\Debug\Obj\zf_spi.o
#        F:\something\extra\competition\program\HDU_Crystal\cpu1\Project\IAR\program\Debug\Obj\zf_systick.o
#        F:\something\extra\competition\program\HDU_Crystal\cpu1\Project\IAR\program\Debug\Obj\zf_tim.o
#        F:\something\extra\competition\program\HDU_Crystal\cpu1\Project\IAR\program\Debug\Obj\zf_uart.o
#        --no_out_extension -o
#        F:\something\extra\competition\program\HDU_Crystal\cpu1\Project\IAR\program\Debug\Exe\MM32F3277.out
#        --map
#        F:\something\extra\competition\program\HDU_Crystal\cpu1\Project\IAR\program\Debug\List\MM32F3277.map
#        --config
#        F:\something\extra\competition\program\HDU_Crystal\cpu1\Project\IAR\program\MM32F3270.icf
#        --semihosting --entry __iar_program_start --vfe --text_out locale)
#
###############################################################################

*******************************************************************************
*** RUNTIME MODEL ATTRIBUTES
***

CppFlavor       = *
__SystemLibrary = DLib
__dlib_version  = 6


*******************************************************************************
*** HEAP SELECTION
***

The basic heap was selected because no calls to memory allocation
functions were found in the application outside of system library
functions, and there are calls to deallocation functions in the
application.


*******************************************************************************
*** PLACEMENT SUMMARY
***

"A0":  place at 0x800'0000 { ro section .intvec };
"P1":  place in [from 0x800'0000 to 0x807'ffff] { ro };
define block CSTACK with size = 8K, alignment = 8 { };
define block HEAP with size = 2K, alignment = 8 { };
"P2":  place in [from 0x2000'0000 to 0x2001'ffff] {
          rw, block CSTACK, block HEAP };
initialize by copy { rw };

  Section            Kind         Address    Size  Object
  -------            ----         -------    ----  ------
"A0":                                       0x190
  .intvec            ro code   0x800'0000   0x190  startup_mm32f327x_iar.o [1]
                             - 0x800'0190   0x190

"P1":                                      0x5e80
  .text              ro code   0x800'0190   0x74c  isr.o [1]
  .text              ro code   0x800'08dc    0x9c  imu.o [1]
  .text              ro code   0x800'0978   0x2a0  pid.o [1]
  .text              ro code   0x800'0c18    0xf8  othercontrol.o [1]
  .text              ro code   0x800'0d10    0x22  S32ToDbl.o [3]
  .text              ro code   0x800'0d32    0x3a  zero_init3.o [4]
  .text              ro code   0x800'0d6c   0x1a2  DblMul.o [3]
  .text              ro code   0x800'0f0e     0x2  startup_mm32f327x_iar.o [1]
  .text              ro code   0x800'0f10   0x17a  DblAdd.o [3]
  .text              ro code   0x800'108c    0x3a  DblToS32.o [3]
  .text              ro code   0x800'10c8   0x1f6  motor.o [1]
  .text              ro code   0x800'12c0    0x54  encoder.o [1]
  .text              ro code   0x800'1314   0x204  wireless.o [1]
  .text              ro code   0x800'1518   0x260  zf_uart.o [1]
  .text              ro code   0x800'1778   0x160  serial.o [1]
  .text              ro code   0x800'18d8    0x7c  SEEKFREE_UART_7725.o [1]
  .text              ro code   0x800'1954   0x240  SEEKFREE_MT9V03X.o [1]
  .text              ro code   0x800'1b94   0x138  hal_exti.o [1]
  .text              ro code   0x800'1ccc    0x34  SEEKFREE_7725.o [1]
  .text              ro code   0x800'1d00   0x128  hal_dma.o [1]
  .text              ro code   0x800'1e28   0x200  SEEKFREE_ICM20602.o [1]
  .text              ro code   0x800'2028    0x24  S32ToFlt.o [3]
  .text              ro code   0x800'204c    0xd8  FltMul.o [3]
  .text              ro code   0x800'2124    0x80  FltSub.o [3]
  .text              ro code   0x800'21a4    0xe2  FltAdd.o [3]
  .text              ro code   0x800'2288    0x2a  FltToS32.o [3]
  .text              ro code   0x800'22b4    0x1a  U32ToDbl.o [3]
  .text              ro code   0x800'22d0   0x246  DblDiv.o [3]
  .text              ro code   0x800'2518   0x270  image.o [1]
  .text              ro code   0x800'2788    0xd2  DblSub.o [3]
  .text              ro code   0x800'285c   0x424  zf_pwm.o [1]
  .text              ro code   0x800'2c80   0x170  zf_tim.o [1]
  .text              ro code   0x800'2df0     0x6  ABImemclr4.o [4]
  .text              ro code   0x800'2df8    0xa6  ABImemcpy.o [4]
  .text              ro code   0x800'2ea0   0x280  zf_gpio.o [1]
  .text              ro code   0x800'3120    0x34  common.o [1]
  .text              ro code   0x800'3154    0x50  zf_systick.o [1]
  .text              ro code   0x800'31a4   0x100  zf_exti.o [1]
  .text              ro code   0x800'32a4   0x21c  zf_camera.o [1]
  .text              ro code   0x800'34c0    0x6c  hal_rcc.o [1]
  .text              ro code   0x800'352c   0x2c0  zf_spi.o [1]
  .text              ro code   0x800'37ec    0x1c  U32ToFlt.o [3]
  .text              ro code   0x800'3808    0xfc  FltDiv.o [3]
  .text              ro code   0x800'3904    0x32  ABImemset48.o [4]
  .text              ro code   0x800'3938    0x70  hal_misc.o [1]
  .text              ro code   0x800'39a8   0x138  hal_tim.o [1]
  .text              ro code   0x800'3ae0   0x72c  menu.o [1]
  .text              ro code   0x800'420c   0x180  flash.o [1]
  .text              ro code   0x800'438c   0x66c  SEEKFREE_OLED.o [1]
  .text              ro code   0x800'49f8   0x140  zf_flash.o [1]
  .text              ro code   0x800'4b38   0x100  hal_flash.o [1]
  .rodata            const     0x800'4c38   0x5f0  SEEKFREE_FONT.o [1]
  .text              ro code   0x800'5228   0x4e8  maincontrol.o [1]
  .text              ro code   0x800'5710    0x48  board.o [1]
  .text              ro code   0x800'5758    0xec  zf_pit.o [1]
  .text              ro code   0x800'5844   0x2b0  system_mm32f327x.o [1]
  .rodata            const     0x800'5af4   0x228  SEEKFREE_FONT.o [1]
  Initializer bytes  const     0x800'5d1c    0xd4  <for P2-1>
  .text              ro code   0x800'5df0    0x2c  copy_init3.o [4]
  .text              ro code   0x800'5e1c    0x28  data_init.o [4]
  .text              ro code   0x800'5e44    0x24  main.o [1]
  .iar.init_table    const     0x800'5e68    0x24  - Linker created -
  .text              ro code   0x800'5e8c    0x1e  cmain.o [4]
  .text              ro code   0x800'5eaa     0x4  low_level_init.o [2]
  .text              ro code   0x800'5eae     0x4  exit.o [2]
  .text              ro code   0x800'5eb4     0xa  cexit.o [4]
  .text              ro code   0x800'5ec0    0x14  exit.o [5]
  .rodata            const     0x800'5ed4    0x10  maincontrol.o [1]
  .rodata            const     0x800'5ee4    0x10  maincontrol.o [1]
  .text              ro code   0x800'5ef4    0x10  startup_mm32f327x_iar.o [1]
  .rodata            const     0x800'5f04     0xc  maincontrol.o [1]
  .rodata            const     0x800'5f10     0xc  menu.o [1]
  .rodata            const     0x800'5f1c     0xc  menu.o [1]
  .rodata            const     0x800'5f28     0xc  menu.o [1]
  .rodata            const     0x800'5f34     0xc  menu.o [1]
  .rodata            const     0x800'5f40     0xc  menu.o [1]
  .rodata            const     0x800'5f4c     0xc  menu.o [1]
  .rodata            const     0x800'5f58     0xc  menu.o [1]
  .text              ro code   0x800'5f64     0xc  cstartup_M.o [4]
  .rodata            const     0x800'5f70     0x8  menu.o [1]
  .rodata            const     0x800'5f78     0x8  menu.o [1]
  .rodata            const     0x800'5f80     0x8  menu.o [1]
  .rodata            const     0x800'5f88     0x8  menu.o [1]
  .rodata            const     0x800'5f90     0x8  menu.o [1]
  .rodata            const     0x800'5f98     0x8  menu.o [1]
  .rodata            const     0x800'5fa0     0x8  menu.o [1]
  .rodata            const     0x800'5fa8     0x8  menu.o [1]
  .rodata            const     0x800'5fb0     0x8  menu.o [1]
  .rodata            const     0x800'5fb8     0x8  menu.o [1]
  .rodata            const     0x800'5fc0     0x8  menu.o [1]
  .rodata            const     0x800'5fc8     0x8  menu.o [1]
  .rodata            const     0x800'5fd0     0x8  menu.o [1]
  .rodata            const     0x800'5fd8     0x8  menu.o [1]
  .rodata            const     0x800'5fe0     0x8  menu.o [1]
  .rodata            const     0x800'5fe8     0x8  menu.o [1]
  .rodata            const     0x800'5ff0     0x8  menu.o [1]
  .rodata            const     0x800'5ff8     0x8  menu.o [1]
  .rodata            const     0x800'6000     0x8  menu.o [1]
  .rodata            const     0x800'6008     0x8  zf_pit.o [1]
  .rodata            const     0x800'6010     0x0  zero_init3.o [4]
  .rodata            const     0x800'6010     0x0  copy_init3.o [4]
                             - 0x800'6010  0x5e80

"P2", part 1 of 3:                           0xd4
  P2-1                        0x2000'0000    0xd4  <Init block>
    .data            inited   0x2000'0000     0x4  flash.o [1]
    .data            inited   0x2000'0004     0x4  imu.o [1]
    .data            inited   0x2000'0008     0x4  imu.o [1]
    .data            inited   0x2000'000c     0x4  menu.o [1]
    .data            inited   0x2000'0010     0x4  menu.o [1]
    .data            inited   0x2000'0014    0x24  SEEKFREE_MT9V03X.o [1]
    .data            inited   0x2000'0038    0x20  SEEKFREE_MT9V03X.o [1]
    .data            inited   0x2000'0058     0x4  system_mm32f327x.o [1]
    .data            inited   0x2000'005c    0x20  zf_gpio.o [1]
    .data            inited   0x2000'007c     0xc  zf_spi.o [1]
    .data            inited   0x2000'0088    0x20  zf_tim.o [1]
    .data            inited   0x2000'00a8    0x20  zf_uart.o [1]
    .data            inited   0x2000'00c8     0x8  zf_uart.o [1]
    .data            inited   0x2000'00d0     0x1  maincontrol.o [1]
    .data            inited   0x2000'00d1     0x1  othercontrol.o [1]
    .data            inited   0x2000'00d2     0x1  zf_flash.o [1]
    .data            inited   0x2000'00d3     0x1  zf_flash.o [1]
                            - 0x2000'00d4    0xd4

"P2", part 2 of 3:                         0x4a20
  .bss               zero     0x2000'00d4  0x2000  image.o [1]
  .bss               zero     0x2000'20d4  0x2000  SEEKFREE_MT9V03X.o [1]
  .bss               zero     0x2000'40d4   0x400  flash.o [1]
  .bss               zero     0x2000'44d4   0x198  maincontrol.o [1]
  .bss               zero     0x2000'466c   0x198  maincontrol.o [1]
  .bss               zero     0x2000'4804   0x170  menu.o [1]
  .bss               zero     0x2000'4974    0x20  image.o [1]
  .bss               zero     0x2000'4994    0x20  pid.o [1]
  .bss               zero     0x2000'49b4    0x20  pid.o [1]
  .bss               zero     0x2000'49d4    0x20  pid.o [1]
  .bss               zero     0x2000'49f4    0x20  pid.o [1]
  .bss               zero     0x2000'4a14    0x20  pid.o [1]
  .bss               zero     0x2000'4a34    0x20  zf_pwm.o [1]
  .bss               zero     0x2000'4a54    0x10  serial.o [1]
  .bss               zero     0x2000'4a64     0x4  common.o [1]
  .bss               zero     0x2000'4a68     0x4  isr.o [1]
  .bss               zero     0x2000'4a6c     0x4  maincontrol.o [1]
  .bss               zero     0x2000'4a70     0x4  maincontrol.o [1]
  .bss               zero     0x2000'4a74     0x4  maincontrol.o [1]
  .bss               zero     0x2000'4a78     0x4  maincontrol.o [1]
  .bss               zero     0x2000'4a7c     0x4  maincontrol.o [1]
  .bss               zero     0x2000'4a80     0x4  maincontrol.o [1]
  .bss               zero     0x2000'4a84     0x4  maincontrol.o [1]
  .bss               zero     0x2000'4a88     0x4  maincontrol.o [1]
  .bss               zero     0x2000'4a8c     0x4  maincontrol.o [1]
  .bss               zero     0x2000'4a90     0x4  maincontrol.o [1]
  .bss               zero     0x2000'4a94     0x4  maincontrol.o [1]
  .bss               zero     0x2000'4a98     0x4  maincontrol.o [1]
  .bss               zero     0x2000'4a9c     0x4  maincontrol.o [1]
  .bss               zero     0x2000'4aa0     0x4  maincontrol.o [1]
  .bss               zero     0x2000'4aa4     0x4  pid.o [1]
  .bss               zero     0x2000'4aa8     0x4  SEEKFREE_MT9V03X.o [1]
  .bss               zero     0x2000'4aac     0x4  SEEKFREE_UART_7725.o [1]
  .bss               zero     0x2000'4ab0     0x4  serial.o [1]
  .bss               zero     0x2000'4ab4     0x4  serial.o [1]
  .bss               zero     0x2000'4ab8     0x4  serial.o [1]
  .bss               zero     0x2000'4abc     0x2  encoder.o [1]
  .bss               zero     0x2000'4abe     0x2  encoder.o [1]
  .bss               zero     0x2000'4ac0     0x2  imu.o [1]
  .bss               zero     0x2000'4ac2     0x2  imu.o [1]
  .bss               zero     0x2000'4ac4     0x2  isr.o [1]
  .bss               zero     0x2000'4ac6     0x2  isr.o [1]
  .bss               zero     0x2000'4ac8     0x2  isr.o [1]
  .bss               zero     0x2000'4aca     0x2  maincontrol.o [1]
  .bss               zero     0x2000'4acc     0x2  maincontrol.o [1]
  .bss               zero     0x2000'4ace     0x2  maincontrol.o [1]
  .bss               zero     0x2000'4ad0     0x2  maincontrol.o [1]
  .bss               zero     0x2000'4ad2     0x2  maincontrol.o [1]
  .bss               zero     0x2000'4ad4     0x2  SEEKFREE_ICM20602.o [1]
  .bss               zero     0x2000'4ad6     0x2  SEEKFREE_ICM20602.o [1]
  .bss               zero     0x2000'4ad8     0x2  SEEKFREE_ICM20602.o [1]
  .bss               zero     0x2000'4ada     0x2  SEEKFREE_ICM20602.o [1]
  .bss               zero     0x2000'4adc     0x2  SEEKFREE_ICM20602.o [1]
  .bss               zero     0x2000'4ade     0x2  SEEKFREE_ICM20602.o [1]
  .bss               zero     0x2000'4ae0     0x1  common.o [1]
  .bss               zero     0x2000'4ae1     0x1  isr.o [1]
  .bss               zero     0x2000'4ae2     0x1  maincontrol.o [1]
  .bss               zero     0x2000'4ae3     0x1  maincontrol.o [1]
  .bss               zero     0x2000'4ae4     0x1  maincontrol.o [1]
  .bss               zero     0x2000'4ae5     0x1  maincontrol.o [1]
  .bss               zero     0x2000'4ae6     0x1  maincontrol.o [1]
  .bss               zero     0x2000'4ae7     0x1  maincontrol.o [1]
  .bss               zero     0x2000'4ae8     0x1  menu.o [1]
  .bss               zero     0x2000'4ae9     0x1  menu.o [1]
  .bss               zero     0x2000'4aea     0x1  SEEKFREE_7725.o [1]
  .bss               zero     0x2000'4aeb     0x1  SEEKFREE_MT9V03X.o [1]
  .bss               zero     0x2000'4aec     0x1  SEEKFREE_MT9V03X.o [1]
  .bss               zero     0x2000'4aed     0x1  SEEKFREE_MT9V03X.o [1]
  .bss               zero     0x2000'4aee     0x1  SEEKFREE_UART_7725.o [1]
  .bss               zero     0x2000'4aef     0x1  SEEKFREE_UART_7725.o [1]
  .bss               zero     0x2000'4af0     0x1  SEEKFREE_UART_7725.o [1]
  .bss               zero     0x2000'4af1     0x1  serial.o [1]
  .bss               zero     0x2000'4af2     0x1  serial.o [1]
                            - 0x2000'4af3  0x4a1f

"P2", part 3 of 3:                         0x2000
  CSTACK                      0x2000'4af8  0x2000  <Block>
    CSTACK           uninit   0x2000'4af8  0x2000  <Block tail>
                            - 0x2000'6af8  0x2000

Unused ranges:

         From           To      Size
         ----           --      ----
   0x800'6010   0x807'ffff  0x7'9ff0
  0x2000'4af4  0x2000'4af7       0x4
  0x2000'6af8  0x2001'ffff  0x1'9508


*******************************************************************************
*** INIT TABLE
***

          Address      Size
          -------      ----
Zero (__iar_zero_init3)
    1 destination range, total size 0x4a1f:
          0x2000'00d4  0x4a1f

Copy (__iar_copy_init3)
    1 source range, total size 0xd4:
           0x800'5d1c    0xd4
    1 destination range, total size 0xd4:
          0x2000'0000    0xd4



*******************************************************************************
*** MODULE SUMMARY
***

    Module                   ro code  ro data  rw data
    ------                   -------  -------  -------
command line/config:
    --------------------------------------------------
    Total:

F:\something\extra\competition\program\HDU_Crystal\cpu1\Project\IAR\program\Debug\Obj: [1]
    SEEKFREE_7725.o               52                 1
    SEEKFREE_FONT.o                     2 072
    SEEKFREE_ICM20602.o          512                12
    SEEKFREE_MT9V03X.o           576       68    8 267
    SEEKFREE_OLED.o            1 644
    SEEKFREE_UART_7725.o         124                 7
    board.o                       72
    common.o                      52                 5
    encoder.o                     84                 4
    flash.o                      384        4    1 028
    hal_dma.o                    296
    hal_exti.o                   312
    hal_flash.o                  256
    hal_misc.o                   112
    hal_rcc.o                    108
    hal_tim.o                    312
    image.o                      624             8 224
    imu.o                        156        8       12
    isr.o                      1 868                11
    main.o                        36
    maincontrol.o              1 256       45      889
    menu.o                     1 836      244      378
    motor.o                      502
    othercontrol.o               248        1        1
    pid.o                        672               164
    serial.o                     352                30
    startup_mm32f327x_iar.o      418
    system_mm32f327x.o           688        4        4
    wireless.o                   516
    zf_camera.o                  540
    zf_exti.o                    256
    zf_flash.o                   320        2        2
    zf_gpio.o                    640       32       32
    zf_pit.o                     236        8
    zf_pwm.o                   1 060                32
    zf_spi.o                     704       12       12
    zf_systick.o                  80
    zf_tim.o                     368       32       32
    zf_uart.o                    608       40       40
    --------------------------------------------------
    Total:                    18 880    2 572   19 187

dl7M_tlf.a: [2]
    exit.o                         4
    low_level_init.o               4
    --------------------------------------------------
    Total:                         8

m7M_tl.a: [3]
    DblAdd.o                     378
    DblDiv.o                     582
    DblMul.o                     418
    DblSub.o                     210
    DblToS32.o                    58
    FltAdd.o                     226
    FltDiv.o                     252
    FltMul.o                     216
    FltSub.o                     128
    FltToS32.o                    42
    S32ToDbl.o                    34
    S32ToFlt.o                    36
    U32ToDbl.o                    26
    U32ToFlt.o                    28
    --------------------------------------------------
    Total:                     2 634

rt7M_tl.a: [4]
    ABImemclr4.o                   6
    ABImemcpy.o                  166
    ABImemset48.o                 50
    cexit.o                       10
    cmain.o                       30
    copy_init3.o                  44
    cstartup_M.o                  12
    data_init.o                   40
    zero_init3.o                  58
    --------------------------------------------------
    Total:                       416

shb_l.a: [5]
    exit.o                        20
    --------------------------------------------------
    Total:                        20

    Gaps                          26
    Linker created                         36    8 192
------------------------------------------------------
    Grand Total:              21 984    2 608   27 379


*******************************************************************************
*** ENTRY LIST
***

Entry                       Address    Size  Type      Object
-----                       -------    ----  ----      ------
.iar.init_table$$Base    0x800'5e68           --   Gb  - Linker created -
.iar.init_table$$Limit   0x800'5e8c           --   Gb  - Linker created -
?main                    0x800'5e8d          Code  Gb  cmain.o [4]
All_Init                 0x800'5229    0xd4  Code  Gb  maincontrol.o [1]
AutoCalPllFactor         0x800'5889    0x54  Code  Gb  system_mm32f327x.o [1]
Beacon_List_2_Init       0x800'54eb   0x144  Code  Gb  maincontrol.o [1]
Beacon_List_Init         0x800'53a7   0x144  Code  Gb  maincontrol.o [1]
BusFault_Handler         0x800'314b     0x2  Code  Gb  common.o [1]
CSTACK$$Base            0x2000'4af8           --   Gb  - Linker created -
CSTACK$$Limit           0x2000'6af8           --   Gb  - Linker created -
Complementary_Filter     0x800'08f9    0x66  Code  Gb  imu.o [1]
Complementary_Filter::p1
                        0x2000'0004     0x4  Data  Lc  imu.o [1]
Complementary_Filter::p2
                        0x2000'0008     0x4  Data  Lc  imu.o [1]
Cut_Set                  0x800'0cbb    0x1c  Code  Gb  othercontrol.o [1]
DELAY_xUs                0x800'58dd    0x2e  Code  Lc  system_mm32f327x.o [1]
DMA1_Channel1_IRQHandler
                         0x800'06db    0x14  Code  Gb  isr.o [1]
DMA1_Channel2_IRQHandler
                         0x800'06ef    0x14  Code  Gb  isr.o [1]
DMA1_Channel3_IRQHandler
                         0x800'0703    0x18  Code  Gb  isr.o [1]
DMA1_Channel4_IRQHandler
                         0x800'071b    0x3e  Code  Gb  isr.o [1]
DMA1_Channel5_IRQHandler
                         0x800'0759    0x18  Code  Gb  isr.o [1]
DMA1_Channel6_IRQHandler
                         0x800'0771    0x18  Code  Gb  isr.o [1]
DMA1_Channel7_IRQHandler
                         0x800'0789    0x18  Code  Gb  isr.o [1]
DMA2_Channel1_IRQHandler
                         0x800'07a1    0x16  Code  Gb  isr.o [1]
DMA2_Channel2_IRQHandler
                         0x800'07b7    0x16  Code  Gb  isr.o [1]
DMA2_Channel3_IRQHandler
                         0x800'07cd    0x16  Code  Gb  isr.o [1]
DMA2_Channel4_IRQHandler
                         0x800'07e3    0x16  Code  Gb  isr.o [1]
DMA2_Channel5_IRQHandler
                         0x800'07f9    0x16  Code  Gb  isr.o [1]
DMA_ClearFlag            0x800'1dff    0x12  Code  Gb  hal_dma.o [1]
DMA_Cmd                  0x800'1dab     0xe  Code  Gb  hal_dma.o [1]
DMA_DeInit               0x800'1d01    0x5a  Code  Gb  hal_dma.o [1]
DMA_GetFlagStatus        0x800'1dd5    0x2a  Code  Gb  hal_dma.o [1]
DMA_ITConfig             0x800'1db9    0x1c  Code  Gb  hal_dma.o [1]
DMA_Init                 0x800'1d5b    0x50  Code  Gb  hal_dma.o [1]
DebugMon_Handler         0x800'3151     0x2  Code  Gb  common.o [1]
Domain_Find_Bin          0x800'255f   0x1ee  Code  Gb  image.o [1]
Down_Point_flag         0x2000'4ae5     0x1  Data  Gb  maincontrol.o [1]
EXTI0_IRQHandler         0x800'05ab     0xa  Code  Gb  isr.o [1]
EXTI15_10_IRQHandler     0x800'065f    0x7c  Code  Gb  isr.o [1]
EXTI1_IRQHandler         0x800'05b5     0xa  Code  Gb  isr.o [1]
EXTI2_IRQHandler         0x800'05bf     0xa  Code  Gb  isr.o [1]
EXTI3_IRQHandler         0x800'05c9     0xa  Code  Gb  isr.o [1]
EXTI4_IRQHandler         0x800'05d3     0xa  Code  Gb  isr.o [1]
EXTI9_5_IRQHandler       0x800'05dd    0x82  Code  Gb  isr.o [1]
EXTI_ClearFlag           0x800'1c95     0x6  Code  Gb  hal_exti.o [1]
EXTI_GetITStatus         0x800'1c9b    0x1a  Code  Gb  hal_exti.o [1]
EXTI_Init                0x800'1bdf    0xa4  Code  Gb  hal_exti.o [1]
EXTI_LineConfig          0x800'1b95    0x4a  Code  Gb  hal_exti.o [1]
EXTI_StructInit          0x800'1c83    0x12  Code  Gb  hal_exti.o [1]
Encoder_Init             0x800'12c1    0x20  Code  Gb  encoder.o [1]
FLASH_ClearFlag          0x800'4bb3     0x8  Code  Gb  hal_flash.o [1]
FLASH_ErasePage          0x800'4b51    0x22  Code  Gb  hal_flash.o [1]
FLASH_GetStatus          0x800'4bbb    0x2c  Code  Gb  hal_flash.o [1]
FLASH_Lock               0x800'4b39     0xc  Code  Gb  hal_flash.o [1]
FLASH_ProgramHalfWord    0x800'4b73    0x16  Code  Gb  hal_flash.o [1]
FLASH_ProgramWord        0x800'4b89    0x2a  Code  Gb  hal_flash.o [1]
FLASH_Unlock             0x800'4b45     0xc  Code  Gb  hal_flash.o [1]
FLASH_WaitForLastOperation
                         0x800'4be7    0x38  Code  Gb  hal_flash.o [1]
Flash_Read               0x800'42b1    0xa8  Code  Gb  flash.o [1]
Flash_Write              0x800'420d    0xa4  Code  Gb  flash.o [1]
GET_CFG                 0x2000'0038    0x20  Data  Gb  SEEKFREE_MT9V03X.o [1]
Get_Encoder              0x800'12e1    0x2a  Code  Gb  encoder.o [1]
HardFault_Handler        0x800'3147     0x2  Code  Gb  common.o [1]
IMU_Get                  0x800'08e5    0x14  Code  Gb  imu.o [1]
IMU_Init                 0x800'08dd     0x8  Code  Gb  imu.o [1]
If_Find_Beacon           0x800'0c67    0x54  Code  Gb  othercontrol.o [1]
Image_Binarization       0x800'2519    0x46  Code  Gb  image.o [1]
Image_Get                0x800'274d    0x1a  Code  Gb  image.o [1]
IncPid_Cal               0x800'0b29    0xd4  Code  Gb  pid.o [1]
IncPid_Cal::pid_temp    0x2000'4aa4     0x4  Data  Lc  pid.o [1]
Int_Range_Protect        0x800'0c19    0x12  Code  Gb  othercontrol.o [1]
Key_Init                 0x800'3ae1    0x58  Code  Gb  menu.o [1]
Key_Operation            0x800'3b39   0x13e  Code  Gb  menu.o [1]
L_C                     0x2000'4abc     0x2  Data  Gb  encoder.o [1]
L_Contorl                0x800'110f    0xca  Code  Gb  motor.o [1]
LocPid_Cal               0x800'099d    0xc6  Code  Gb  pid.o [1]
LocPid_Cal_Dir           0x800'0a63    0xc6  Code  Gb  pid.o [1]
MT9V03X_CFG             0x2000'0014    0x24  Data  Gb  SEEKFREE_MT9V03X.o [1]
Main_Control             0x800'52fd    0xaa  Code  Gb  maincontrol.o [1]
MemManage_Handler        0x800'3149     0x2  Code  Gb  common.o [1]
Menu_Init                0x800'3f1b   0x1fa  Code  Gb  menu.o [1]
Menu_Item_Init           0x800'41fd    0x10  Code  Gb  menu.o [1]
Motor_Init               0x800'10c9    0x46  Code  Gb  motor.o [1]
Motor_Limit_Ratio       0x2000'00d1     0x1  Data  Gb  othercontrol.o [1]
Motor_Set                0x800'12ad    0x12  Code  Gb  motor.o [1]
NMI_Handler              0x800'3145     0x2  Code  Gb  common.o [1]
NVIC_Init                0x800'3939    0x5e  Code  Gb  hal_misc.o [1]
PID_menu                0x2000'4804   0x170  Data  Gb  menu.o [1]
PWM_dynamic_limit        0x800'0c2b    0x3c  Code  Gb  othercontrol.o [1]
Param_Cfg                0x800'562f    0x72  Code  Gb  maincontrol.o [1]
PendSV_Handler           0x800'3153     0x2  Code  Gb  common.o [1]
Pid_Init                 0x800'0979    0x24  Code  Gb  pid.o [1]
RCC_AHBPeriphClockCmd    0x800'34c1    0x20  Code  Gb  hal_rcc.o [1]
RCC_APB1PeriphClockCmd   0x800'3501    0x20  Code  Gb  hal_rcc.o [1]
RCC_APB2PeriphClockCmd   0x800'34e1    0x20  Code  Gb  hal_rcc.o [1]
R_C                     0x2000'4abe     0x2  Data  Gb  encoder.o [1]
R_Contorl                0x800'11d9    0xca  Code  Gb  motor.o [1]
Region$$Table$$Base      0x800'5e68           --   Gb  - Linker created -
Region$$Table$$Limit     0x800'5e8c           --   Gb  - Linker created -
SVC_Handler              0x800'314f     0x2  Code  Gb  common.o [1]
Send_Init                0x800'1779    0x1e  Code  Gb  serial.o [1]
Send_Process             0x800'1797   0x11a  Code  Gb  serial.o [1]
Send_Process::buff0     0x2000'4ab0     0x4  Data  Lc  serial.o [1]
Send_Process::buff1     0x2000'4ab4     0x4  Data  Lc  serial.o [1]
Send_Process::buff2     0x2000'4ab8     0x4  Data  Lc  serial.o [1]
Send_Process::buff3     0x2000'4af2     0x1  Data  Lc  serial.o [1]
Send_Process::cpu2_buff
                        0x2000'4a54    0x10  Data  Lc  serial.o [1]
Send_Process::i         0x2000'4af1     0x1  Data  Lc  serial.o [1]
SetSysClock              0x800'590b    0x26  Code  Lc  system_mm32f327x.o [1]
SetSysClockToXX          0x800'5931   0x170  Code  Lc  system_mm32f327x.o [1]
Show_Control             0x800'3c77   0x2a4  Code  Gb  menu.o [1]
StateFlag               0x2000'4ae1     0x1  Data  Lc  isr.o [1]
SystemCoreClock         0x2000'0058     0x4  Data  Gb  system_mm32f327x.o [1]
SystemInit               0x800'5845    0x44  Code  Gb  system_mm32f327x.o [1]
TIM1_UP_IRQHandler       0x800'0441    0x10  Code  Gb  isr.o [1]
TIM2_IRQHandler          0x800'0451    0x10  Code  Gb  isr.o [1]
TIM3_IRQHandler          0x800'0471    0x10  Code  Gb  isr.o [1]
TIM4_IRQHandler          0x800'0481    0x10  Code  Gb  isr.o [1]
TIM5_IRQHandler          0x800'0461    0x10  Code  Gb  isr.o [1]
TIM6_IRQHandler          0x800'02e7    0xd6  Code  Gb  isr.o [1]
TIM6_IRQHandler::time20ms
                        0x2000'4ac8     0x2  Data  Lc  isr.o [1]
TIM7_IRQHandler          0x800'02d7    0x10  Code  Gb  isr.o [1]
TIM8_UP_IRQHandler       0x800'01c5   0x112  Code  Gb  isr.o [1]
TIM_Cmd                  0x800'3a1d    0x1a  Code  Gb  hal_tim.o [1]
TIM_DMACmd               0x800'3a37    0x1c  Code  Gb  hal_tim.o [1]
TIM_ETRClockMode1Config
                         0x800'3a87    0x1a  Code  Gb  hal_tim.o [1]
TIM_ETRConfig            0x800'3a53    0x34  Code  Gb  hal_tim.o [1]
TIM_SelectInputTrigger   0x800'3aa1     0xe  Code  Gb  hal_tim.o [1]
TIM_SelectMasterSlaveMode
                         0x800'3abd     0xe  Code  Gb  hal_tim.o [1]
TIM_SelectSlaveMode      0x800'3aaf     0xe  Code  Gb  hal_tim.o [1]
TIM_TimeBaseInit         0x800'39a9    0x74  Code  Gb  hal_tim.o [1]
UART1_IRQHandler         0x800'0491    0x2a  Code  Gb  isr.o [1]
UART2_IRQHandler         0x800'04bb    0x2a  Code  Gb  isr.o [1]
UART3_IRQHandler         0x800'03bd    0x3c  Code  Gb  isr.o [1]
UART4_IRQHandler         0x800'03f9    0x48  Code  Gb  isr.o [1]
UART5_IRQHandler         0x800'04e5    0x2a  Code  Gb  isr.o [1]
UART6_IRQHandler         0x800'050f    0x2a  Code  Gb  isr.o [1]
UART7_IRQHandler         0x800'0539    0x2a  Code  Gb  isr.o [1]
UART8_IRQHandler         0x800'0563    0x48  Code  Gb  isr.o [1]
UsageFault_Handler       0x800'314d     0x2  Code  Gb  common.o [1]
Wireless_Init            0x800'1315    0x1e  Code  Gb  wireless.o [1]
Wireless_Send_Pra        0x800'1333   0x1c4  Code  Gb  wireless.o [1]
__NVIC_SetPriorityGrouping
                         0x800'5711    0x1a  Code  Lc  board.o [1]
__Vectors                0x800'0000           --   Gb  startup_mm32f327x_iar.o [1]
__Vectors_End            0x800'0190          Data  Gb  startup_mm32f327x_iar.o [1]
__Vectors_Size {Abs}          0x190           --   Gb  startup_mm32f327x_iar.o [1]
__aeabi_d2iz             0x800'108d          Code  Gb  DblToS32.o [3]
__aeabi_dadd             0x800'0f11          Code  Gb  DblAdd.o [3]
__aeabi_ddiv             0x800'22d1          Code  Gb  DblDiv.o [3]
__aeabi_dmul             0x800'0d6d          Code  Gb  DblMul.o [3]
__aeabi_f2iz             0x800'2289          Code  Gb  FltToS32.o [3]
__aeabi_fadd             0x800'21a5          Code  Gb  FltAdd.o [3]
__aeabi_fdiv             0x800'3809          Code  Gb  FltDiv.o [3]
__aeabi_fmul             0x800'204d          Code  Gb  FltMul.o [3]
__aeabi_fsub             0x800'2125          Code  Gb  FltSub.o [3]
__aeabi_i2d              0x800'0d11          Code  Gb  S32ToDbl.o [3]
__aeabi_i2f              0x800'2029          Code  Gb  S32ToFlt.o [3]
__aeabi_memclr4          0x800'2df1          Code  Gb  ABImemclr4.o [4]
__aeabi_memcpy           0x800'2df9          Code  Gb  ABImemcpy.o [4]
__aeabi_memcpy4          0x800'2e19          Code  Gb  ABImemcpy.o [4]
__aeabi_memcpy8          0x800'2e19          Code  Gb  ABImemcpy.o [4]
__aeabi_ui2d             0x800'22b5          Code  Gb  U32ToDbl.o [3]
__aeabi_ui2f             0x800'37ed          Code  Gb  U32ToFlt.o [3]
__cmain                  0x800'5e8d          Code  Gb  cmain.o [4]
__exit                   0x800'5ec1    0x14  Code  Gb  exit.o [5]
__iar_Memset4_word       0x800'3905          Code  Gb  ABImemset48.o [4]
__iar_Memset8_word       0x800'3905          Code  Gb  ABImemset48.o [4]
__iar_copy_init3         0x800'5df1    0x2c  Code  Gb  copy_init3.o [4]
__iar_dadd               0x800'2789          Code  Gb  DblSub.o [3]
__iar_data_init3         0x800'5e1d    0x28  Code  Gb  data_init.o [4]
__iar_dsub               0x800'0f21          Code  Gb  DblAdd.o [3]
__iar_dsubStart          0x800'0f33          Code  Gb  DblAdd.o [3]
__iar_fadd               0x800'2131          Code  Gb  FltSub.o [3]
__iar_fsub               0x800'21b1          Code  Gb  FltAdd.o [3]
__iar_fsubStart          0x800'21c1          Code  Gb  FltAdd.o [3]
__iar_program_start      0x800'5f65          Code  Gb  cstartup_M.o [4]
__iar_zero_init3         0x800'0d33    0x3a  Code  Gb  zero_init3.o [4]
__low_level_init         0x800'5eab     0x4  Code  Gb  low_level_init.o [2]
__vector_table           0x800'0000          Data  Gb  startup_mm32f327x_iar.o [1]
__vector_table_0x1c      0x800'001c          Data  Gb  startup_mm32f327x_iar.o [1]
_call_main               0x800'5e99          Code  Gb  cmain.o [4]
_exit                    0x800'5eb5          Code  Gb  cexit.o [4]
_main                    0x800'5ea7          Code  Gb  cmain.o [4]
afio_init                0x800'300f    0xe8  Code  Gb  zf_gpio.o [1]
angle                   0x2000'4ac0     0x2  Data  Gb  imu.o [1]
angle_final             0x2000'4ac2     0x2  Data  Gb  imu.o [1]
angle_set               0x2000'4aca     0x2  Data  Gb  maincontrol.o [1]
angle_test              0x2000'4a9c     0x4  Data  Gb  maincontrol.o [1]
beacon_area             0x2000'4a84     0x4  Data  Gb  maincontrol.o [1]
beacon_area_2           0x2000'4a98     0x4  Data  Gb  maincontrol.o [1]
beacon_check_frame      0x2000'4ae2     0x1  Data  Gb  maincontrol.o [1]
beacon_flag             0x2000'4ae3     0x1  Data  Gb  maincontrol.o [1]
beacon_flag_2           0x2000'4ae6     0x1  Data  Gb  maincontrol.o [1]
beacon_list             0x2000'44d4   0x198  Data  Gb  maincontrol.o [1]
beacon_list_2           0x2000'466c   0x198  Data  Gb  maincontrol.o [1]
beacon_x                0x2000'4a74     0x4  Data  Gb  maincontrol.o [1]
beacon_x_2              0x2000'4a90     0x4  Data  Gb  maincontrol.o [1]
beacon_y                0x2000'4a78     0x4  Data  Gb  maincontrol.o [1]
beacon_y_2              0x2000'4a94     0x4  Data  Gb  maincontrol.o [1]
board_init               0x800'5735    0x24  Code  Gb  board.o [1]
camera_buffer_addr      0x2000'4a64     0x4  Data  Gb  common.o [1]
camera_dma_init          0x800'32a5    0xc8  Code  Gb  zf_camera.o [1]
camera_tim_etr_init      0x800'336d   0x14c  Code  Gb  zf_camera.o [1]
camera_type             0x2000'4ae0     0x1  Data  Gb  common.o [1]
cut_flag                0x2000'4ae7     0x1  Data  Gb  maincontrol.o [1]
cut_point               0x2000'4a70     0x4  Data  Gb  maincontrol.o [1]
direction               0x2000'4994    0x20  Data  Gb  pid.o [1]
direction_2             0x2000'49b4    0x20  Data  Gb  pid.o [1]
domain                  0x2000'4974    0x20  Data  Gb  image.o [1]
down_point              0x2000'4a6c     0x4  Data  Gb  maincontrol.o [1]
exit                     0x800'5eaf     0x4  Code  Gb  exit.o [2]
exti_interrupt_init      0x800'31a5    0xfc  Code  Gb  zf_exti.o [1]
flash_buffer            0x2000'40d4   0x400  Data  Gb  flash.o [1]
flash_check              0x800'49f9    0x3c  Code  Gb  zf_flash.o [1]
flash_erase_page         0x800'4a35    0x48  Code  Gb  zf_flash.o [1]
flash_erase_page::gFlashStatus
                        0x2000'00d2     0x1  Data  Lc  zf_flash.o [1]
flash_flag              0x2000'0000     0x4  Data  Gb  flash.o [1]
flash_page_program       0x800'4ab9    0x78  Code  Gb  zf_flash.o [1]
flash_page_program::gFlashStatus
                        0x2000'00d3     0x1  Data  Lc  zf_flash.o [1]
flash_page_read          0x800'4a7d    0x3c  Code  Gb  zf_flash.o [1]
frame                   0x2000'00d0     0x1  Data  Gb  maincontrol.o [1]
get_config               0x800'19f9    0x62  Code  Gb  SEEKFREE_MT9V03X.o [1]
get_icm20602_accdata_spi
                         0x800'1f83    0x42  Code  Gb  SEEKFREE_ICM20602.o [1]
get_icm20602_gyro_spi    0x800'1fc5    0x42  Code  Gb  SEEKFREE_ICM20602.o [1]
gpio_get                 0x800'30f7    0x22  Code  Gb  zf_gpio.o [1]
gpio_group              0x2000'005c    0x20  Data  Gb  zf_gpio.o [1]
gpio_init                0x800'2ea1   0x16e  Code  Gb  zf_gpio.o [1]
gyro_pid                0x2000'49f4    0x20  Data  Gb  pid.o [1]
icm20602_init_spi        0x800'1ee7    0x9c  Code  Gb  SEEKFREE_ICM20602.o [1]
icm20602_self3_check     0x800'1ec5    0x22  Code  Lc  SEEKFREE_ICM20602.o [1]
icm_acc_x               0x2000'4ada     0x2  Data  Gb  SEEKFREE_ICM20602.o [1]
icm_acc_y               0x2000'4adc     0x2  Data  Gb  SEEKFREE_ICM20602.o [1]
icm_acc_z               0x2000'4ade     0x2  Data  Gb  SEEKFREE_ICM20602.o [1]
icm_gyro_x              0x2000'4ad4     0x2  Data  Gb  SEEKFREE_ICM20602.o [1]
icm_gyro_y              0x2000'4ad6     0x2  Data  Gb  SEEKFREE_ICM20602.o [1]
icm_gyro_z              0x2000'4ad8     0x2  Data  Gb  SEEKFREE_ICM20602.o [1]
icm_spi_r_reg_byte       0x800'1e5b    0x3e  Code  Lc  SEEKFREE_ICM20602.o [1]
icm_spi_r_reg_bytes      0x800'1e99    0x2c  Code  Lc  SEEKFREE_ICM20602.o [1]
icm_spi_w_reg_byte       0x800'1e29    0x32  Code  Lc  SEEKFREE_ICM20602.o [1]
image_binr              0x2000'00d4  0x2000  Data  Gb  image.o [1]
last_beacon_x           0x2000'4a7c     0x4  Data  Gb  maincontrol.o [1]
last_beacon_y           0x2000'4a80     0x4  Data  Gb  maincontrol.o [1]
lastleftpwm             0x2000'4ac6     0x2  Data  Gb  isr.o [1]
lastrightpwm            0x2000'4ac4     0x2  Data  Gb  isr.o [1]
leftpwm                 0x2000'4ace     0x2  Data  Gb  maincontrol.o [1]
main                     0x800'5e45    0x24  Code  Gb  main.o [1]
menu_button_flag        0x2000'4ae9     0x1  Data  Gb  menu.o [1]
menu_flag               0x2000'000c     0x4  Data  Gb  menu.o [1]
menu_pointer            0x2000'0010     0x4  Data  Gb  menu.o [1]
mt9v03x_dma              0x800'1b4b    0x14  Code  Gb  SEEKFREE_MT9V03X.o [1]
mt9v03x_dma_init         0x800'1a8d    0x46  Code  Gb  SEEKFREE_MT9V03X.o [1]
mt9v03x_exti_init        0x800'1a5b    0x24  Code  Gb  SEEKFREE_MT9V03X.o [1]
mt9v03x_finish_flag     0x2000'4aeb     0x1  Data  Gb  SEEKFREE_MT9V03X.o [1]
mt9v03x_image           0x2000'20d4  0x2000  Data  Gb  SEEKFREE_MT9V03X.o [1]
mt9v03x_init             0x800'1ad3    0x64  Code  Gb  SEEKFREE_MT9V03X.o [1]
mt9v03x_tim1_etr_init    0x800'1a7f     0xe  Code  Gb  SEEKFREE_MT9V03X.o [1]
mt9v03x_uart_callback    0x800'1955    0x36  Code  Gb  SEEKFREE_MT9V03X.o [1]
mt9v03x_vsync            0x800'1b37    0x14  Code  Gb  SEEKFREE_MT9V03X.o [1]
nvic_init                0x800'3121    0x22  Code  Gb  common.o [1]
oled_6x8                 0x800'5af4   0x228  Data  Gb  SEEKFREE_FONT.o [1]
oled_8x16                0x800'4c38   0x5f0  Data  Gb  SEEKFREE_FONT.o [1]
oled_dis_bmpr            0x800'4791   0x268  Code  Gb  SEEKFREE_OLED.o [1]
oled_fill                0x800'45dd    0x40  Code  Gb  SEEKFREE_OLED.o [1]
oled_hexascii            0x800'4461    0x3a  Code  Lc  SEEKFREE_OLED.o [1]
oled_init                0x800'449b   0x118  Code  Gb  SEEKFREE_OLED.o [1]
oled_int16               0x800'472d    0x50  Code  Gb  SEEKFREE_OLED.o [1]
oled_p6x8str             0x800'461d    0x70  Code  Gb  SEEKFREE_OLED.o [1]
oled_p8x16str            0x800'468d    0xa0  Code  Gb  SEEKFREE_OLED.o [1]
oled_set_pos             0x800'45b3    0x2a  Code  Gb  SEEKFREE_OLED.o [1]
oled_wrcmd               0x800'43f7    0x6a  Code  Lc  SEEKFREE_OLED.o [1]
oled_wrdat               0x800'438d    0x6a  Code  Lc  SEEKFREE_OLED.o [1]
ov7725_cof_uart_interrupt
                         0x800'18d9    0x36  Code  Gb  SEEKFREE_UART_7725.o [1]
ov7725_dma               0x800'1ce1    0x14  Code  Gb  SEEKFREE_7725.o [1]
ov7725_finish_flag      0x2000'4aea     0x1  Data  Gb  SEEKFREE_7725.o [1]
ov7725_uart_dma          0x800'1923    0x14  Code  Gb  SEEKFREE_UART_7725.o [1]
ov7725_uart_finish_flag
                        0x2000'4aee     0x1  Data  Gb  SEEKFREE_UART_7725.o [1]
ov7725_uart_receive     0x2000'4aac     0x4  Data  Lc  SEEKFREE_UART_7725.o [1]
ov7725_uart_receive_flag
                        0x2000'4af0     0x1  Data  Lc  SEEKFREE_UART_7725.o [1]
ov7725_uart_receive_num
                        0x2000'4aef     0x1  Data  Lc  SEEKFREE_UART_7725.o [1]
ov7725_uart_vsync        0x800'190f    0x14  Code  Gb  SEEKFREE_UART_7725.o [1]
ov7725_vsync             0x800'1ccd    0x14  Code  Gb  SEEKFREE_7725.o [1]
pidout                  0x2000'4a68     0x4  Data  Gb  isr.o [1]
pwm_duty_updata          0x800'2bc3    0xa4  Code  Gb  zf_pwm.o [1]
pwm_enable               0x800'2b81    0x42  Code  Gb  zf_pwm.o [1]
pwm_enable_state        0x2000'4a34    0x20  Data  Gb  zf_pwm.o [1]
pwm_init                 0x800'2877   0x30a  Code  Gb  zf_pwm.o [1]
pwm_pin_init             0x800'285d    0x1a  Code  Lc  zf_pwm.o [1]
receive                 0x2000'4aa8     0x4  Data  Lc  SEEKFREE_MT9V03X.o [1]
receive_num             0x2000'4aec     0x1  Data  Lc  SEEKFREE_MT9V03X.o [1]
rightpwm                0x2000'4ad0     0x2  Data  Gb  maincontrol.o [1]
run_mode                0x2000'4ae4     0x1  Data  Gb  maincontrol.o [1]
set_config               0x800'198b    0x6e  Code  Gb  SEEKFREE_MT9V03X.o [1]
showMenuFlag            0x2000'4ae8     0x1  Data  Gb  menu.o [1]
speed_cl                0x2000'49d4    0x20  Data  Gb  pid.o [1]
speed_set               0x2000'4acc     0x2  Data  Gb  maincontrol.o [1]
speed_test              0x2000'4aa0     0x4  Data  Gb  maincontrol.o [1]
spi_index               0x2000'007c     0xc  Data  Gb  zf_spi.o [1]
spi_init                 0x800'35a9   0x1e4  Code  Gb  zf_spi.o [1]
spi_mosi                 0x800'378d    0x50  Code  Gb  zf_spi.o [1]
spi_pin_init             0x800'352d    0x7c  Code  Lc  zf_spi.o [1]
state_judge              0x800'0191    0x34  Code  Gb  isr.o [1]
systick_delay            0x800'3155    0x1e  Code  Gb  zf_systick.o [1]
systick_delay_ms         0x800'3173    0x20  Code  Gb  zf_systick.o [1]
tim_encoder_get_count    0x800'2dd1    0x12  Code  Gb  zf_tim.o [1]
tim_encoder_init         0x800'2c9b   0x114  Code  Gb  zf_tim.o [1]
tim_encoder_pin_init     0x800'2c81    0x1a  Code  Lc  zf_tim.o [1]
tim_encoder_rst          0x800'2daf    0x22  Code  Gb  zf_tim.o [1]
tim_index               0x2000'0088    0x20  Data  Gb  zf_tim.o [1]
tim_interrupt_init_ms    0x800'5759    0xd6  Code  Gb  zf_pit.o [1]
turn_kp                 0x2000'4a88     0x4  Data  Gb  maincontrol.o [1]
turn_pwm                0x2000'4ad2     0x2  Data  Gb  maincontrol.o [1]
turn_speed              0x2000'4a8c     0x4  Data  Gb  maincontrol.o [1]
uart_getchar             0x800'16f3    0x1c  Code  Gb  zf_uart.o [1]
uart_index              0x2000'00a8    0x20  Data  Gb  zf_uart.o [1]
uart_init                0x800'154d   0x17a  Code  Gb  zf_uart.o [1]
uart_irq                0x2000'00c8     0x8  Data  Gb  zf_uart.o [1]
uart_pin_init            0x800'1519    0x34  Code  Lc  zf_uart.o [1]
uart_putbuff             0x800'16c7    0x2c  Code  Gb  zf_uart.o [1]
uart_receive_flag       0x2000'4aed     0x1  Data  Lc  SEEKFREE_MT9V03X.o [1]
uart_rx_irq              0x800'170f    0x4e  Code  Gb  zf_uart.o [1]
upright                 0x2000'4a14    0x20  Data  Gb  pid.o [1]


[1] = F:\something\extra\competition\program\HDU_Crystal\cpu1\Project\IAR\program\Debug\Obj
[2] = dl7M_tlf.a
[3] = m7M_tl.a
[4] = rt7M_tl.a
[5] = shb_l.a

  21 984 bytes of readonly  code memory
   2 608 bytes of readonly  data memory
  27 379 bytes of readwrite data memory

Errors: none
Warnings: none
