###############################################################################
#
# IAR ELF Linker V8.32.3.193/W32 for ARM                  18/Jul/2022  23:09:50
# Copyright 2007-2019 IAR Systems AB.
#
#    Output file  =  
#        F:\something\extra\competition\program\HDU_Crystal\cpu2\Project\IAR\program\Debug\Exe\MM32F3277.out
#    Map file     =  
#        F:\something\extra\competition\program\HDU_Crystal\cpu2\Project\IAR\program\Debug\List\MM32F3277.map
#    Command line =  
#        -f C:\Users\25471\AppData\Local\Temp\EWEB5C.tmp
#        (F:\something\extra\competition\program\HDU_Crystal\cpu2\Project\IAR\program\Debug\Obj\board.o
#        F:\something\extra\competition\program\HDU_Crystal\cpu2\Project\IAR\program\Debug\Obj\buzzer.o
#        F:\something\extra\competition\program\HDU_Crystal\cpu2\Project\IAR\program\Debug\Obj\common.o
#        F:\something\extra\competition\program\HDU_Crystal\cpu2\Project\IAR\program\Debug\Obj\hal_adc.o
#        F:\something\extra\competition\program\HDU_Crystal\cpu2\Project\IAR\program\Debug\Obj\hal_bkp.o
#        F:\something\extra\competition\program\HDU_Crystal\cpu2\Project\IAR\program\Debug\Obj\hal_can.o
#        F:\something\extra\competition\program\HDU_Crystal\cpu2\Project\IAR\program\Debug\Obj\hal_comp.o
#        F:\something\extra\competition\program\HDU_Crystal\cpu2\Project\IAR\program\Debug\Obj\hal_crc.o
#        F:\something\extra\competition\program\HDU_Crystal\cpu2\Project\IAR\program\Debug\Obj\hal_crs.o
#        F:\something\extra\competition\program\HDU_Crystal\cpu2\Project\IAR\program\Debug\Obj\hal_dac.o
#        F:\something\extra\competition\program\HDU_Crystal\cpu2\Project\IAR\program\Debug\Obj\hal_dbg.o
#        F:\something\extra\competition\program\HDU_Crystal\cpu2\Project\IAR\program\Debug\Obj\hal_dma.o
#        F:\something\extra\competition\program\HDU_Crystal\cpu2\Project\IAR\program\Debug\Obj\hal_eth.o
#        F:\something\extra\competition\program\HDU_Crystal\cpu2\Project\IAR\program\Debug\Obj\hal_exti.o
#        F:\something\extra\competition\program\HDU_Crystal\cpu2\Project\IAR\program\Debug\Obj\hal_flash.o
#        F:\something\extra\competition\program\HDU_Crystal\cpu2\Project\IAR\program\Debug\Obj\hal_fsmc.o
#        F:\something\extra\competition\program\HDU_Crystal\cpu2\Project\IAR\program\Debug\Obj\hal_gpio.o
#        F:\something\extra\competition\program\HDU_Crystal\cpu2\Project\IAR\program\Debug\Obj\hal_i2c.o
#        F:\something\extra\competition\program\HDU_Crystal\cpu2\Project\IAR\program\Debug\Obj\hal_iwdg.o
#        F:\something\extra\competition\program\HDU_Crystal\cpu2\Project\IAR\program\Debug\Obj\hal_misc.o
#        F:\something\extra\competition\program\HDU_Crystal\cpu2\Project\IAR\program\Debug\Obj\hal_pwr.o
#        F:\something\extra\competition\program\HDU_Crystal\cpu2\Project\IAR\program\Debug\Obj\hal_rcc.o
#        F:\something\extra\competition\program\HDU_Crystal\cpu2\Project\IAR\program\Debug\Obj\hal_rtc.o
#        F:\something\extra\competition\program\HDU_Crystal\cpu2\Project\IAR\program\Debug\Obj\hal_sdio.o
#        F:\something\extra\competition\program\HDU_Crystal\cpu2\Project\IAR\program\Debug\Obj\hal_spi.o
#        F:\something\extra\competition\program\HDU_Crystal\cpu2\Project\IAR\program\Debug\Obj\hal_tim.o
#        F:\something\extra\competition\program\HDU_Crystal\cpu2\Project\IAR\program\Debug\Obj\hal_uart.o
#        F:\something\extra\competition\program\HDU_Crystal\cpu2\Project\IAR\program\Debug\Obj\hal_uid.o
#        F:\something\extra\competition\program\HDU_Crystal\cpu2\Project\IAR\program\Debug\Obj\hal_ver.o
#        F:\something\extra\competition\program\HDU_Crystal\cpu2\Project\IAR\program\Debug\Obj\hal_wwdg.o
#        F:\something\extra\competition\program\HDU_Crystal\cpu2\Project\IAR\program\Debug\Obj\image.o
#        F:\something\extra\competition\program\HDU_Crystal\cpu2\Project\IAR\program\Debug\Obj\isr.o
#        F:\something\extra\competition\program\HDU_Crystal\cpu2\Project\IAR\program\Debug\Obj\main.o
#        F:\something\extra\competition\program\HDU_Crystal\cpu2\Project\IAR\program\Debug\Obj\maincontrol.o
#        F:\something\extra\competition\program\HDU_Crystal\cpu2\Project\IAR\program\Debug\Obj\othercontrol.o
#        F:\something\extra\competition\program\HDU_Crystal\cpu2\Project\IAR\program\Debug\Obj\SEEKFREE_18TFT.o
#        F:\something\extra\competition\program\HDU_Crystal\cpu2\Project\IAR\program\Debug\Obj\SEEKFREE_7725.o
#        F:\something\extra\competition\program\HDU_Crystal\cpu2\Project\IAR\program\Debug\Obj\SEEKFREE_ABSOLUTE_ENCODER.o
#        F:\something\extra\competition\program\HDU_Crystal\cpu2\Project\IAR\program\Debug\Obj\SEEKFREE_ASSERT.o
#        F:\something\extra\competition\program\HDU_Crystal\cpu2\Project\IAR\program\Debug\Obj\SEEKFREE_FONT.o
#        F:\something\extra\competition\program\HDU_Crystal\cpu2\Project\IAR\program\Debug\Obj\SEEKFREE_ICM20602.o
#        F:\something\extra\competition\program\HDU_Crystal\cpu2\Project\IAR\program\Debug\Obj\SEEKFREE_IIC.o
#        F:\something\extra\competition\program\HDU_Crystal\cpu2\Project\IAR\program\Debug\Obj\SEEKFREE_IPS114_SPI.o
#        F:\something\extra\competition\program\HDU_Crystal\cpu2\Project\IAR\program\Debug\Obj\SEEKFREE_IPS200_PARALLEL8.o
#        F:\something\extra\competition\program\HDU_Crystal\cpu2\Project\IAR\program\Debug\Obj\SEEKFREE_L3G4200D.o
#        F:\something\extra\competition\program\HDU_Crystal\cpu2\Project\IAR\program\Debug\Obj\SEEKFREE_MMA8451.o
#        F:\something\extra\competition\program\HDU_Crystal\cpu2\Project\IAR\program\Debug\Obj\SEEKFREE_MPU6050.o
#        F:\something\extra\competition\program\HDU_Crystal\cpu2\Project\IAR\program\Debug\Obj\SEEKFREE_MT9V03X.o
#        F:\something\extra\competition\program\HDU_Crystal\cpu2\Project\IAR\program\Debug\Obj\SEEKFREE_OLED.o
#        F:\something\extra\competition\program\HDU_Crystal\cpu2\Project\IAR\program\Debug\Obj\SEEKFREE_PRINTF.o
#        F:\something\extra\competition\program\HDU_Crystal\cpu2\Project\IAR\program\Debug\Obj\SEEKFREE_TSL1401.o
#        F:\something\extra\competition\program\HDU_Crystal\cpu2\Project\IAR\program\Debug\Obj\SEEKFREE_UART_7725.o
#        F:\something\extra\competition\program\HDU_Crystal\cpu2\Project\IAR\program\Debug\Obj\SEEKFREE_VIRSCO.o
#        F:\something\extra\competition\program\HDU_Crystal\cpu2\Project\IAR\program\Debug\Obj\SEEKFREE_WIRELESS.o
#        F:\something\extra\competition\program\HDU_Crystal\cpu2\Project\IAR\program\Debug\Obj\serial.o
#        F:\something\extra\competition\program\HDU_Crystal\cpu2\Project\IAR\program\Debug\Obj\startup_mm32f327x_iar.o
#        F:\something\extra\competition\program\HDU_Crystal\cpu2\Project\IAR\program\Debug\Obj\swj.o
#        F:\something\extra\competition\program\HDU_Crystal\cpu2\Project\IAR\program\Debug\Obj\system_mm32f327x.o
#        F:\something\extra\competition\program\HDU_Crystal\cpu2\Project\IAR\program\Debug\Obj\zf_adc.o
#        F:\something\extra\competition\program\HDU_Crystal\cpu2\Project\IAR\program\Debug\Obj\zf_camera.o
#        F:\something\extra\competition\program\HDU_Crystal\cpu2\Project\IAR\program\Debug\Obj\zf_exti.o
#        F:\something\extra\competition\program\HDU_Crystal\cpu2\Project\IAR\program\Debug\Obj\zf_flash.o
#        F:\something\extra\competition\program\HDU_Crystal\cpu2\Project\IAR\program\Debug\Obj\zf_fsmc.o
#        F:\something\extra\competition\program\HDU_Crystal\cpu2\Project\IAR\program\Debug\Obj\zf_gpio.o
#        F:\something\extra\competition\program\HDU_Crystal\cpu2\Project\IAR\program\Debug\Obj\zf_pit.o
#        F:\something\extra\competition\program\HDU_Crystal\cpu2\Project\IAR\program\Debug\Obj\zf_pwm.o
#        F:\something\extra\competition\program\HDU_Crystal\cpu2\Project\IAR\program\Debug\Obj\zf_spi.o
#        F:\something\extra\competition\program\HDU_Crystal\cpu2\Project\IAR\program\Debug\Obj\zf_systick.o
#        F:\something\extra\competition\program\HDU_Crystal\cpu2\Project\IAR\program\Debug\Obj\zf_tim.o
#        F:\something\extra\competition\program\HDU_Crystal\cpu2\Project\IAR\program\Debug\Obj\zf_uart.o
#        --no_out_extension -o
#        F:\something\extra\competition\program\HDU_Crystal\cpu2\Project\IAR\program\Debug\Exe\MM32F3277.out
#        --map
#        F:\something\extra\competition\program\HDU_Crystal\cpu2\Project\IAR\program\Debug\List\MM32F3277.map
#        --config
#        F:\something\extra\competition\program\HDU_Crystal\cpu2\Project\IAR\program\MM32F3270.icf
#        --semihosting --entry __iar_program_start --vfe --text_out locale)
#
###############################################################################

*******************************************************************************
*** RUNTIME MODEL ATTRIBUTES
***

CppFlavor       = *
__SystemLibrary = DLib
__dlib_version  = 6


*******************************************************************************
*** HEAP SELECTION
***

The basic heap was selected because no calls to memory allocation
functions were found in the application outside of system library
functions, and there are calls to deallocation functions in the
application.


*******************************************************************************
*** PLACEMENT SUMMARY
***

"A0":  place at 0x800'0000 { ro section .intvec };
"P1":  place in [from 0x800'0000 to 0x807'ffff] { ro };
define block CSTACK with size = 8K, alignment = 8 { };
define block HEAP with size = 2K, alignment = 8 { };
"P2":  place in [from 0x2000'0000 to 0x2001'ffff] {
          rw, block CSTACK, block HEAP };
initialize by copy { rw };

  Section            Kind         Address    Size  Object
  -------            ----         -------    ----  ------
"A0":                                       0x190
  .intvec            ro code   0x800'0000   0x190  startup_mm32f327x_iar.o [1]
                             - 0x800'0190   0x190

"P1":                                      0x227c
  .text              ro code   0x800'0190   0x4c4  isr.o [1]
  .text              ro code   0x800'0654   0x128  serial.o [1]
  .text              ro code   0x800'077c    0x7c  SEEKFREE_UART_7725.o [1]
  .text              ro code   0x800'07f8   0x240  SEEKFREE_MT9V03X.o [1]
  .text              ro code   0x800'0a38   0x138  hal_exti.o [1]
  .text              ro code   0x800'0b70    0x34  SEEKFREE_7725.o [1]
  .text              ro code   0x800'0ba4   0x128  hal_dma.o [1]
  .text              ro code   0x800'0ccc   0x264  zf_uart.o [1]
  .text              ro code   0x800'0f30    0xa6  ABImemcpy.o [4]
  .text              ro code   0x800'0fd6    0x3a  zero_init3.o [4]
  .text              ro code   0x800'1010    0x50  zf_systick.o [1]
  .text              ro code   0x800'1060   0x260  zf_gpio.o [1]
  .text              ro code   0x800'12c0   0x100  zf_exti.o [1]
  .text              ro code   0x800'13c0    0x34  common.o [1]
  .text              ro code   0x800'13f4   0x21c  zf_camera.o [1]
  .text              ro code   0x800'1610    0x6c  hal_rcc.o [1]
  .text              ro code   0x800'167c    0x70  hal_misc.o [1]
  .text              ro code   0x800'16ec   0x138  hal_tim.o [1]
  .text              ro code   0x800'1824   0x2b0  system_mm32f327x.o [1]
  .text              ro code   0x800'1ad4   0x270  image.o [1]
  .text              ro code   0x800'1d44   0x192  maincontrol.o [1]
  .text              ro code   0x800'1ed6     0x2  startup_mm32f327x_iar.o [1]
  .text              ro code   0x800'1ed8    0x48  board.o [1]
  .text              ro code   0x800'1f20   0x118  SEEKFREE_OLED.o [1]
  .text              ro code   0x800'2038    0x2c  SEEKFREE_WIRELESS.o [1]
  .text              ro code   0x800'2064    0xec  zf_pit.o [1]
  .text              ro code   0x800'2150    0x74  othercontrol.o [1]
  .text              ro code   0x800'21c4    0xa2  swj.o [1]
  Initializer bytes  const     0x800'2268    0xb4  <for P2-1>
  .text              ro code   0x800'231c    0x2c  copy_init3.o [4]
  .text              ro code   0x800'2348    0x28  data_init.o [4]
  .iar.init_table    const     0x800'2370    0x24  - Linker created -
  .text              ro code   0x800'2394    0x1e  cmain.o [4]
  .text              ro code   0x800'23b2     0x4  low_level_init.o [2]
  .text              ro code   0x800'23b6     0xc  main.o [1]
  .text              ro code   0x800'23c2     0x4  exit.o [2]
  .text              ro code   0x800'23c8     0xa  cexit.o [4]
  .text              ro code   0x800'23d4    0x14  exit.o [5]
  .text              ro code   0x800'23e8    0x10  startup_mm32f327x_iar.o [1]
  .text              ro code   0x800'23f8     0xc  cstartup_M.o [4]
  .rodata            const     0x800'2404     0x8  zf_pit.o [1]
  .rodata            const     0x800'240c     0x0  zero_init3.o [4]
  .rodata            const     0x800'240c     0x0  copy_init3.o [4]
                             - 0x800'240c  0x227c

"P2", part 1 of 3:                           0xb4
  P2-1                        0x2000'0000    0xb1  <Init block>
    .data            inited   0x2000'0000    0x24  SEEKFREE_MT9V03X.o [1]
    .data            inited   0x2000'0024    0x20  SEEKFREE_MT9V03X.o [1]
    .data            inited   0x2000'0044     0x4  system_mm32f327x.o [1]
    .data            inited   0x2000'0048    0x20  zf_gpio.o [1]
    .data            inited   0x2000'0068    0x20  zf_tim.o [1]
    .data            inited   0x2000'0088    0x20  zf_uart.o [1]
    .data            inited   0x2000'00a8     0x8  zf_uart.o [1]
    .data            inited   0x2000'00b0     0x1  maincontrol.o [1]
                            - 0x2000'00b1    0xb1

"P2", part 2 of 3:                         0x4210
  .bss               zero     0x2000'00b4  0x2000  image.o [1]
  .bss               zero     0x2000'20b4  0x2000  SEEKFREE_MT9V03X.o [1]
  .bss               zero     0x2000'40b4   0x198  maincontrol.o [1]
  .bss               zero     0x2000'424c    0x20  image.o [1]
  .bss               zero     0x2000'426c    0x20  serial.o [1]
  .bss               zero     0x2000'428c     0x4  common.o [1]
  .bss               zero     0x2000'4290     0x4  maincontrol.o [1]
  .bss               zero     0x2000'4294     0x4  maincontrol.o [1]
  .bss               zero     0x2000'4298     0x4  maincontrol.o [1]
  .bss               zero     0x2000'429c     0x4  maincontrol.o [1]
  .bss               zero     0x2000'42a0     0x4  maincontrol.o [1]
  .bss               zero     0x2000'42a4     0x4  SEEKFREE_MT9V03X.o [1]
  .bss               zero     0x2000'42a8     0x4  SEEKFREE_UART_7725.o [1]
  .bss               zero     0x2000'42ac     0x4  serial.o [1]
  .bss               zero     0x2000'42b0     0x4  serial.o [1]
  .bss               zero     0x2000'42b4     0x4  serial.o [1]
  .bss               zero     0x2000'42b8     0x1  common.o [1]
  .bss               zero     0x2000'42b9     0x1  maincontrol.o [1]
  .bss               zero     0x2000'42ba     0x1  maincontrol.o [1]
  .bss               zero     0x2000'42bb     0x1  SEEKFREE_7725.o [1]
  .bss               zero     0x2000'42bc     0x1  SEEKFREE_MT9V03X.o [1]
  .bss               zero     0x2000'42bd     0x1  SEEKFREE_MT9V03X.o [1]
  .bss               zero     0x2000'42be     0x1  SEEKFREE_MT9V03X.o [1]
  .bss               zero     0x2000'42bf     0x1  SEEKFREE_UART_7725.o [1]
  .bss               zero     0x2000'42c0     0x1  SEEKFREE_UART_7725.o [1]
  .bss               zero     0x2000'42c1     0x1  SEEKFREE_UART_7725.o [1]
  .bss               zero     0x2000'42c2     0x1  serial.o [1]
                            - 0x2000'42c3  0x420f

"P2", part 3 of 3:                         0x2000
  CSTACK                      0x2000'42c8  0x2000  <Block>
    CSTACK           uninit   0x2000'42c8  0x2000  <Block tail>
                            - 0x2000'62c8  0x2000

Unused ranges:

         From           To      Size
         ----           --      ----
   0x800'240c   0x807'ffff  0x7'dbf4
  0x2000'42c4  0x2000'42c7       0x4
  0x2000'62c8  0x2001'ffff  0x1'9d38


*******************************************************************************
*** INIT TABLE
***

          Address      Size
          -------      ----
Zero (__iar_zero_init3)
    1 destination range, total size 0x420f:
          0x2000'00b4  0x420f

Copy (__iar_copy_init3)
    1 source range, total size 0xb4 (101% of destination):
           0x800'2268    0xb4
    1 destination range, total size 0xb1:
          0x2000'0000    0xb1



*******************************************************************************
*** MODULE SUMMARY
***

    Module                   ro code  ro data  rw data
    ------                   -------  -------  -------
command line/config:
    --------------------------------------------------
    Total:

F:\something\extra\competition\program\HDU_Crystal\cpu2\Project\IAR\program\Debug\Obj: [1]
    SEEKFREE_7725.o               52                 1
    SEEKFREE_MT9V03X.o           576       68    8 267
    SEEKFREE_OLED.o              280
    SEEKFREE_UART_7725.o         124                 7
    SEEKFREE_WIRELESS.o           44
    board.o                       72
    common.o                      52                 5
    hal_dma.o                    296
    hal_exti.o                   312
    hal_misc.o                   112
    hal_rcc.o                    108
    hal_tim.o                    312
    image.o                      624             8 224
    isr.o                      1 220
    main.o                        12
    maincontrol.o                402        1      431
    othercontrol.o               116
    serial.o                     296                45
    startup_mm32f327x_iar.o      418
    swj.o                        162
    system_mm32f327x.o           688        4        4
    zf_camera.o                  540
    zf_exti.o                    256
    zf_gpio.o                    608       32       32
    zf_pit.o                     236        8
    zf_systick.o                  80
    zf_tim.o                               32       32
    zf_uart.o                    612       40       40
    --------------------------------------------------
    Total:                     8 610      185   17 088

dl7M_tlf.a: [2]
    exit.o                         4
    low_level_init.o               4
    --------------------------------------------------
    Total:                         8

m7M_tl.a: [3]
    --------------------------------------------------
    Total:

rt7M_tl.a: [4]
    ABImemcpy.o                  166
    cexit.o                       10
    cmain.o                       30
    copy_init3.o                  44
    cstartup_M.o                  12
    data_init.o                   40
    zero_init3.o                  58
    --------------------------------------------------
    Total:                       360

shb_l.a: [5]
    exit.o                        20
    --------------------------------------------------
    Total:                        20

    Gaps                           4
    Linker created                         41    8 192
------------------------------------------------------
    Grand Total:               9 002      226   25 280


*******************************************************************************
*** ENTRY LIST
***

Entry                       Address    Size  Type      Object
-----                       -------    ----  ----      ------
.iar.init_table$$Base    0x800'2370           --   Gb  - Linker created -
.iar.init_table$$Limit   0x800'2394           --   Gb  - Linker created -
?main                    0x800'2395          Code  Gb  cmain.o [4]
All_Init                 0x800'1d45    0x2e  Code  Gb  maincontrol.o [1]
AutoCalPllFactor         0x800'1869    0x54  Code  Gb  system_mm32f327x.o [1]
Beacon_List_Init         0x800'1d89   0x144  Code  Gb  maincontrol.o [1]
BusFault_Handler         0x800'13eb     0x2  Code  Gb  common.o [1]
CSTACK$$Base            0x2000'42c8           --   Gb  - Linker created -
CSTACK$$Limit           0x2000'62c8           --   Gb  - Linker created -
DELAY_xUs                0x800'18bd    0x2e  Code  Lc  system_mm32f327x.o [1]
DMA1_Channel1_IRQHandler
                         0x800'04a9    0x14  Code  Gb  isr.o [1]
DMA1_Channel2_IRQHandler
                         0x800'04bd    0x14  Code  Gb  isr.o [1]
DMA1_Channel3_IRQHandler
                         0x800'04d1    0x18  Code  Gb  isr.o [1]
DMA1_Channel4_IRQHandler
                         0x800'04e9    0x3e  Code  Gb  isr.o [1]
DMA1_Channel5_IRQHandler
                         0x800'0527    0x18  Code  Gb  isr.o [1]
DMA1_Channel6_IRQHandler
                         0x800'053f    0x18  Code  Gb  isr.o [1]
DMA1_Channel7_IRQHandler
                         0x800'0557    0x18  Code  Gb  isr.o [1]
DMA2_Channel1_IRQHandler
                         0x800'056f    0x16  Code  Gb  isr.o [1]
DMA2_Channel2_IRQHandler
                         0x800'0585    0x16  Code  Gb  isr.o [1]
DMA2_Channel3_IRQHandler
                         0x800'059b    0x16  Code  Gb  isr.o [1]
DMA2_Channel4_IRQHandler
                         0x800'05b1    0x16  Code  Gb  isr.o [1]
DMA2_Channel5_IRQHandler
                         0x800'05c7    0x16  Code  Gb  isr.o [1]
DMA_ClearFlag            0x800'0ca3    0x12  Code  Gb  hal_dma.o [1]
DMA_Cmd                  0x800'0c4f     0xe  Code  Gb  hal_dma.o [1]
DMA_DeInit               0x800'0ba5    0x5a  Code  Gb  hal_dma.o [1]
DMA_GetFlagStatus        0x800'0c79    0x2a  Code  Gb  hal_dma.o [1]
DMA_ITConfig             0x800'0c5d    0x1c  Code  Gb  hal_dma.o [1]
DMA_Init                 0x800'0bff    0x50  Code  Gb  hal_dma.o [1]
DebugMon_Handler         0x800'13f1     0x2  Code  Gb  common.o [1]
Domain_Find_Bin          0x800'1b1b   0x1ee  Code  Gb  image.o [1]
EXTI0_IRQHandler         0x800'0379     0xa  Code  Gb  isr.o [1]
EXTI15_10_IRQHandler     0x800'042d    0x7c  Code  Gb  isr.o [1]
EXTI1_IRQHandler         0x800'0383     0xa  Code  Gb  isr.o [1]
EXTI2_IRQHandler         0x800'038d     0xa  Code  Gb  isr.o [1]
EXTI3_IRQHandler         0x800'0397     0xa  Code  Gb  isr.o [1]
EXTI4_IRQHandler         0x800'03a1     0xa  Code  Gb  isr.o [1]
EXTI9_5_IRQHandler       0x800'03ab    0x82  Code  Gb  isr.o [1]
EXTI_ClearFlag           0x800'0b39     0x6  Code  Gb  hal_exti.o [1]
EXTI_GetITStatus         0x800'0b3f    0x1a  Code  Gb  hal_exti.o [1]
EXTI_Init                0x800'0a83    0xa4  Code  Gb  hal_exti.o [1]
EXTI_LineConfig          0x800'0a39    0x4a  Code  Gb  hal_exti.o [1]
EXTI_StructInit          0x800'0b27    0x12  Code  Gb  hal_exti.o [1]
GET_CFG                 0x2000'0024    0x20  Data  Gb  SEEKFREE_MT9V03X.o [1]
HardFault_Handler        0x800'13e7     0x2  Code  Gb  common.o [1]
If_Find_Beacon           0x800'2151    0x54  Code  Gb  othercontrol.o [1]
Image_Binarization       0x800'1ad5    0x46  Code  Gb  image.o [1]
Image_Get                0x800'1d09    0x1a  Code  Gb  image.o [1]
MT9V03X_CFG             0x2000'0000    0x24  Data  Gb  SEEKFREE_MT9V03X.o [1]
Main_Control             0x800'1d73    0x16  Code  Gb  maincontrol.o [1]
MemManage_Handler        0x800'13e9     0x2  Code  Gb  common.o [1]
NMI_Handler              0x800'13e5     0x2  Code  Gb  common.o [1]
NVIC_Init                0x800'167d    0x5e  Code  Gb  hal_misc.o [1]
Param_Cfg                0x800'1ed5     0x2  Code  Gb  maincontrol.o [1]
PendSV_Handler           0x800'13f3     0x2  Code  Gb  common.o [1]
RCC_AHBPeriphClockCmd    0x800'1611    0x20  Code  Gb  hal_rcc.o [1]
RCC_APB1PeriphClockCmd   0x800'1651    0x20  Code  Gb  hal_rcc.o [1]
RCC_APB2PeriphClockCmd   0x800'1631    0x20  Code  Gb  hal_rcc.o [1]
Region$$Table$$Base      0x800'2370           --   Gb  - Linker created -
Region$$Table$$Limit     0x800'2394           --   Gb  - Linker created -
SVC_Handler              0x800'13ef     0x2  Code  Gb  common.o [1]
Send_Init                0x800'0655    0x16  Code  Gb  serial.o [1]
Send_To_CPU1             0x800'066b    0xec  Code  Gb  serial.o [1]
Send_To_CPU1::buff0     0x2000'42ac     0x4  Data  Lc  serial.o [1]
Send_To_CPU1::buff1     0x2000'42b0     0x4  Data  Lc  serial.o [1]
Send_To_CPU1::buff2     0x2000'42b4     0x4  Data  Lc  serial.o [1]
Send_To_CPU1::buff3     0x2000'42c2     0x1  Data  Lc  serial.o [1]
Send_To_CPU1::data_buff
                        0x2000'426c    0x20  Data  Lc  serial.o [1]
SetSysClock              0x800'18eb    0x26  Code  Lc  system_mm32f327x.o [1]
SetSysClockToXX          0x800'1911   0x170  Code  Lc  system_mm32f327x.o [1]
SystemCoreClock         0x2000'0044     0x4  Data  Gb  system_mm32f327x.o [1]
SystemInit               0x800'1825    0x44  Code  Gb  system_mm32f327x.o [1]
TIM1_UP_IRQHandler       0x800'01c7    0x10  Code  Gb  isr.o [1]
TIM2_IRQHandler          0x800'01d7    0x10  Code  Gb  isr.o [1]
TIM3_IRQHandler          0x800'01f7    0x10  Code  Gb  isr.o [1]
TIM4_IRQHandler          0x800'0207    0x10  Code  Gb  isr.o [1]
TIM5_IRQHandler          0x800'01e7    0x10  Code  Gb  isr.o [1]
TIM6_IRQHandler          0x800'01b7    0x10  Code  Gb  isr.o [1]
TIM7_IRQHandler          0x800'01a1    0x16  Code  Gb  isr.o [1]
TIM8_UP_IRQHandler       0x800'0191    0x10  Code  Gb  isr.o [1]
TIM_Cmd                  0x800'1761    0x1a  Code  Gb  hal_tim.o [1]
TIM_DMACmd               0x800'177b    0x1c  Code  Gb  hal_tim.o [1]
TIM_ETRClockMode1Config
                         0x800'17cb    0x1a  Code  Gb  hal_tim.o [1]
TIM_ETRConfig            0x800'1797    0x34  Code  Gb  hal_tim.o [1]
TIM_SelectInputTrigger   0x800'17e5     0xe  Code  Gb  hal_tim.o [1]
TIM_SelectMasterSlaveMode
                         0x800'1801     0xe  Code  Gb  hal_tim.o [1]
TIM_SelectSlaveMode      0x800'17f3     0xe  Code  Gb  hal_tim.o [1]
TIM_TimeBaseInit         0x800'16ed    0x74  Code  Gb  hal_tim.o [1]
UART1_IRQHandler         0x800'0217    0x2a  Code  Gb  isr.o [1]
UART2_IRQHandler         0x800'0241    0x2a  Code  Gb  isr.o [1]
UART3_IRQHandler         0x800'026b    0x2a  Code  Gb  isr.o [1]
UART4_IRQHandler         0x800'0295    0x2a  Code  Gb  isr.o [1]
UART5_IRQHandler         0x800'02bf    0x2a  Code  Gb  isr.o [1]
UART6_IRQHandler         0x800'02e9    0x2a  Code  Gb  isr.o [1]
UART7_IRQHandler         0x800'0313    0x24  Code  Gb  isr.o [1]
UART8_IRQHandler         0x800'0337    0x42  Code  Gb  isr.o [1]
UsageFault_Handler       0x800'13ed     0x2  Code  Gb  common.o [1]
__NVIC_SetPriorityGrouping
                         0x800'1ed9    0x1a  Code  Lc  board.o [1]
__Vectors                0x800'0000           --   Gb  startup_mm32f327x_iar.o [1]
__Vectors_End            0x800'0190          Data  Gb  startup_mm32f327x_iar.o [1]
__Vectors_Size {Abs}          0x190           --   Gb  startup_mm32f327x_iar.o [1]
__aeabi_memcpy           0x800'0f31          Code  Gb  ABImemcpy.o [4]
__aeabi_memcpy4          0x800'0f51          Code  Gb  ABImemcpy.o [4]
__aeabi_memcpy8          0x800'0f51          Code  Gb  ABImemcpy.o [4]
__cmain                  0x800'2395          Code  Gb  cmain.o [4]
__exit                   0x800'23d5    0x14  Code  Gb  exit.o [5]
__iar_copy_init3         0x800'231d    0x2c  Code  Gb  copy_init3.o [4]
__iar_data_init3         0x800'2349    0x28  Code  Gb  data_init.o [4]
__iar_program_start      0x800'23f9          Code  Gb  cstartup_M.o [4]
__iar_zero_init3         0x800'0fd7    0x3a  Code  Gb  zero_init3.o [4]
__low_level_init         0x800'23b3     0x4  Code  Gb  low_level_init.o [2]
__vector_table           0x800'0000          Data  Gb  startup_mm32f327x_iar.o [1]
__vector_table_0x1c      0x800'001c          Data  Gb  startup_mm32f327x_iar.o [1]
_call_main               0x800'23a1          Code  Gb  cmain.o [4]
_exit                    0x800'23c9          Code  Gb  cexit.o [4]
_main                    0x800'23af          Code  Gb  cmain.o [4]
afio_init                0x800'11cf    0xe8  Code  Gb  zf_gpio.o [1]
beacon_area             0x2000'42a0     0x4  Data  Gb  maincontrol.o [1]
beacon_check_frame      0x2000'42b9     0x1  Data  Gb  maincontrol.o [1]
beacon_flag             0x2000'42ba     0x1  Data  Gb  maincontrol.o [1]
beacon_list             0x2000'40b4   0x198  Data  Gb  maincontrol.o [1]
beacon_x                0x2000'4290     0x4  Data  Gb  maincontrol.o [1]
beacon_y                0x2000'4294     0x4  Data  Gb  maincontrol.o [1]
board_init               0x800'1efd    0x24  Code  Gb  board.o [1]
camera_buffer_addr      0x2000'428c     0x4  Data  Gb  common.o [1]
camera_dma_init          0x800'13f5    0xc8  Code  Gb  zf_camera.o [1]
camera_tim_etr_init      0x800'14bd   0x14c  Code  Gb  zf_camera.o [1]
camera_type             0x2000'42b8     0x1  Data  Gb  common.o [1]
domain                  0x2000'424c    0x20  Data  Gb  image.o [1]
exit                     0x800'23c3     0x4  Code  Gb  exit.o [2]
exti_interrupt_init      0x800'12c1    0xfc  Code  Gb  zf_exti.o [1]
frame                   0x2000'00b0     0x1  Data  Gb  maincontrol.o [1]
get_config               0x800'089d    0x62  Code  Gb  SEEKFREE_MT9V03X.o [1]
gpio_group              0x2000'0048    0x20  Data  Gb  zf_gpio.o [1]
gpio_init                0x800'1061   0x16e  Code  Gb  zf_gpio.o [1]
image_binr              0x2000'00b4  0x2000  Data  Gb  image.o [1]
last_beacon_x           0x2000'4298     0x4  Data  Gb  maincontrol.o [1]
last_beacon_y           0x2000'429c     0x4  Data  Gb  maincontrol.o [1]
main                     0x800'23b7     0xc  Code  Gb  main.o [1]
mt9v03x_dma              0x800'09ef    0x14  Code  Gb  SEEKFREE_MT9V03X.o [1]
mt9v03x_dma_init         0x800'0931    0x46  Code  Gb  SEEKFREE_MT9V03X.o [1]
mt9v03x_exti_init        0x800'08ff    0x24  Code  Gb  SEEKFREE_MT9V03X.o [1]
mt9v03x_finish_flag     0x2000'42bc     0x1  Data  Gb  SEEKFREE_MT9V03X.o [1]
mt9v03x_image           0x2000'20b4  0x2000  Data  Gb  SEEKFREE_MT9V03X.o [1]
mt9v03x_init             0x800'0977    0x64  Code  Gb  SEEKFREE_MT9V03X.o [1]
mt9v03x_tim1_etr_init    0x800'0923     0xe  Code  Gb  SEEKFREE_MT9V03X.o [1]
mt9v03x_uart_callback    0x800'07f9    0x36  Code  Gb  SEEKFREE_MT9V03X.o [1]
mt9v03x_vsync            0x800'09db    0x14  Code  Gb  SEEKFREE_MT9V03X.o [1]
nvic_init                0x800'13c1    0x22  Code  Gb  common.o [1]
oled_fill                0x800'1ff5    0x40  Code  Gb  SEEKFREE_OLED.o [1]
oled_wrcmd               0x800'1f8b    0x6a  Code  Lc  SEEKFREE_OLED.o [1]
oled_wrdat               0x800'1f21    0x6a  Code  Lc  SEEKFREE_OLED.o [1]
ov7725_cof_uart_interrupt
                         0x800'077d    0x36  Code  Gb  SEEKFREE_UART_7725.o [1]
ov7725_dma               0x800'0b85    0x14  Code  Gb  SEEKFREE_7725.o [1]
ov7725_finish_flag      0x2000'42bb     0x1  Data  Gb  SEEKFREE_7725.o [1]
ov7725_uart_dma          0x800'07c7    0x14  Code  Gb  SEEKFREE_UART_7725.o [1]
ov7725_uart_finish_flag
                        0x2000'42bf     0x1  Data  Gb  SEEKFREE_UART_7725.o [1]
ov7725_uart_receive     0x2000'42a8     0x4  Data  Lc  SEEKFREE_UART_7725.o [1]
ov7725_uart_receive_flag
                        0x2000'42c1     0x1  Data  Lc  SEEKFREE_UART_7725.o [1]
ov7725_uart_receive_num
                        0x2000'42c0     0x1  Data  Lc  SEEKFREE_UART_7725.o [1]
ov7725_uart_vsync        0x800'07b3    0x14  Code  Gb  SEEKFREE_UART_7725.o [1]
ov7725_vsync             0x800'0b71    0x14  Code  Gb  SEEKFREE_7725.o [1]
receive                 0x2000'42a4     0x4  Data  Lc  SEEKFREE_MT9V03X.o [1]
receive_num             0x2000'42bd     0x1  Data  Lc  SEEKFREE_MT9V03X.o [1]
seekfree_wireless_init   0x800'2039    0x28  Code  Gb  SEEKFREE_WIRELESS.o [1]
sendimg_WIFI             0x800'21c5    0xa2  Code  Gb  swj.o [1]
set_config               0x800'082f    0x6e  Code  Gb  SEEKFREE_MT9V03X.o [1]
systick_delay            0x800'1011    0x1e  Code  Gb  zf_systick.o [1]
systick_delay_ms         0x800'102f    0x20  Code  Gb  zf_systick.o [1]
tim_index               0x2000'0068    0x20  Data  Gb  zf_tim.o [1]
tim_interrupt_init_ms    0x800'2065    0xd6  Code  Gb  zf_pit.o [1]
uart_index              0x2000'0088    0x20  Data  Gb  zf_uart.o [1]
uart_init                0x800'0d01   0x17a  Code  Gb  zf_uart.o [1]
uart_irq                0x2000'00a8     0x8  Data  Gb  zf_uart.o [1]
uart_pin_init            0x800'0ccd    0x34  Code  Lc  zf_uart.o [1]
uart_putbuff             0x800'0e99    0x2c  Code  Gb  zf_uart.o [1]
uart_putchar             0x800'0e7b    0x1e  Code  Gb  zf_uart.o [1]
uart_receive_flag       0x2000'42be     0x1  Data  Lc  SEEKFREE_MT9V03X.o [1]
uart_rx_irq              0x800'0ec5    0x4e  Code  Gb  zf_uart.o [1]


[1] = F:\something\extra\competition\program\HDU_Crystal\cpu2\Project\IAR\program\Debug\Obj
[2] = dl7M_tlf.a
[3] = m7M_tl.a
[4] = rt7M_tl.a
[5] = shb_l.a

   9 002 bytes of readonly  code memory
     226 bytes of readonly  data memory
  25 280 bytes of readwrite data memory

Errors: none
Warnings: none
